<html>
<body>
<pre>
<h1>礦ision Build Log</h1>
<h2>Tool Versions:</h2>
IDE-Version: μVision V5.14.0.0
Copyright (C) 2015 ARM Ltd and ARM Germany GmbH. All rights reserved.
License Information: BB A, ZSC, LIC=HF8TG-VE355-ZCAJY-IURX2-DLA2F-NBCI8
 
Tool Versions:
Toolchain:       MDK-ARM Professional  Version: 5.14.0.0
Toolchain Path:  C:\software\keil5\ARM\ARMCC\Bin
C Compiler:      Armcc.exe V5.05 update 1 (build 106)
Assembler:       Armasm.exe V5.05 update 1 (build 106)
Linker/Locator:  ArmLink.exe V5.05 update 1 (build 106)
Library Manager: ArmAr.exe V5.05 update 1 (build 106)
Hex Converter:   FromElf.exe V5.05 update 1 (build 106)
CPU DLL:         SARMCM3.DLL V5.14.0.0
Dialog DLL:      DARMCM1.DLL V1.12.0.0
Target DLL:      Segger\JL2CM3.dll V2.99.13.0
Dialog DLL:      TARMCM1.DLL V1.9.0.0
 
<h2>Project:</h2>
D:\四轴2018年2月2日221158\MiniFly微型四轴飞行器光盘\2，MiniFly程序源码\2 , MiniFly V1.1\1，MiniFly Master\1，NRF51822\Firmware_51822 V1.1\USER\nrf_firmware.uvprojx
Project File Date:  08/24/2018

<h2>Output:</h2>
Build target 'nrf_firmware'
compiling main.c...
compiling system_nrf51.c...
assembling arm_startup_nrf51.s...
compiling radiolink.c...
compiling uartlink.c...
compiling button.c...
compiling config_param.c...
compiling esb.c...
compiling pm.c...
compiling systick.c...
compiling uart.c...
linking...
Program Size: Code=7784 RO-data=352 RW-data=148 ZI-data=4668  
FromELF: creating hex file...
"..\OBJ\nrf_firmware.axf" - 0 Error(s), 0 Warning(s).

<h2>Collection of Component include folders:</h2>
  D:\四轴2018年2月2日221158\MiniFly微型四轴飞行器光盘\2，MiniFly程序源码\2 , MiniFly V1.1\1，MiniFly Master\1，NRF51822\Firmware_51822 V1.1\USER\RTE
  C:\software\keil5\ARM\PACK\NordicSemiconductor\nRF_DeviceFamilyPack\8.3.2\Device\Include

<h2>Collection of Component Files used:</h2>
</pre>
</body>
</html>
