<html>
<body>
<pre>
<h1>µVision Build Log</h1>
<h2>Tool Versions:</h2>
IDE-Version: ¦ÌVision V5.26.2.0
Copyright (C) 2018 ARM Ltd and ARM Germany GmbH. All rights reserved.
License Information: BBA YuCho, ZSC, LIC=----
 
Tool Versions:
Toolchain:       MDK-ARM Professional  Version: 5.26.2.0
Toolchain Path:  C:\software\Keil_v5\ARM\ARMCC\Bin
C Compiler:      Armcc.exe V5.06 update 6 (build 750)
Assembler:       Armasm.exe V5.06 update 6 (build 750)
Linker/Locator:  ArmLink.exe V5.06 update 6 (build 750)
Library Manager: ArmAr.exe V5.06 update 6 (build 750)
Hex Converter:   FromElf.exe V5.06 update 6 (build 750)
CPU DLL:         SARMCM3.DLL V5.26.2.0
Dialog DLL:      DCM.DLL V1.17.2.0
Target DLL:      Segger\JL2CM3.dll V2.99.31.0
Dialog DLL:      TCM.DLL V1.36.1.0
 
<h2>Project:</h2>
D:\MyProgram\STM32\MiniFly\1£¬MiniFly Master\2£¬STM32F411\Firmware_F411 V1.1\USER\Firmware_F411.uvprojx
Project File Date:  03/19/2019

<h2>Output:</h2>
*** Using Compiler 'V5.06 update 6 (build 750)', folder: 'C:\software\Keil_v5\ARM\ARMCC\Bin'
Build target 'Firmware'
compiling delay.c...
compiling system_stm32f4xx.c...
compiling main.c...
compiling sys.c...
compiling usart.c...
compiling config_param.c...
compiling ak8963.c...
compiling bmp280.c...
compiling module_detect.c...
compiling exti.c...
compiling iic1.c...
compiling i2cdev.c...
compiling led.c...
compiling motors.c...
compiling i2c_drv.c...
compiling myiic.c...
compiling nvic.c...
compiling mpu6500.c...
compiling uart_syslink.c...
compiling uart1.c...
compiling system.c...
compiling stmflash.c...
compiling watchdog.c...
compiling ws2812.c...
assembling startup_stm32f411xe.s...
compiling module_mgt.c...
compiling ledring12.c...
compiling misc.c...
compiling stm32f4xx_dbgmcu.c...
compiling stm32f4xx_adc.c...
compiling stm32f4xx_dma.c...
compiling stm32f4xx_exti.c...
compiling stm32f4xx_flash.c...
compiling stm32f4xx_gpio.c...
compiling stm32f4xx_iwdg.c...
compiling stm32f4xx_i2c.c...
compiling stm32f4xx_rcc.c...
compiling stm32f4xx_spi.c...
compiling stm32f4xx_tim.c...
compiling stm32f4xx_usart.c...
compiling stm32f4xx_syscfg.c...
compiling list.c...
compiling queue.c...
compiling tasks.c...
compiling timers.c...
compiling port.c...
compiling heap_4.c...
compiling usb_core.c...
compiling usb_dcd.c...
compiling usb_dcd_int.c...
compiling usbd_core.c...
compiling usbd_ioreq.c...
compiling usbd_req.c...
compiling usb_bsp.c...
compiling usbd_cdc_core.c...
compiling usbd_usr.c...
compiling usbd_cdc_vcp.c...
compiling usbd_desc.c...
compiling comm.c...
compiling commander.c...
compiling atkp.c...
compiling ledseq.c...
compiling console.c...
compiling pm.c...
compiling radiolink.c...
compiling remoter_ctrl.c...
compiling usblink.c...
compiling anomal_detec.c...
compiling wifi_ctrl.c...
compiling attitude_pid.c...
compiling flip.c...
compiling pid.c...
compiling position_pid.c...
compiling power_control.c...
compiling sensfusion6.c...
compiling sensors.c...
compiling state_control.c...
compiling stabilizer.c...
compiling state_estimator.c...
compiling freeRTOSdebug.c...
compiling debug_assert.c...
compiling filter.c...
linking...
Program Size: Code=73296 RO-data=1292 RW-data=1472 ZI-data=43176  
FromELF: creating hex file...
"..\OBJ\Firmware_F411.axf" - 0 Error(s), 0 Warning(s).

<h2>Software Packages used:</h2>

Package Vendor: Keil
                http://www.keil.com/pack/Keil.STM32F4xx_DFP.2.13.0.pack
                Keil.STM32F4xx_DFP.2.13.0
                STMicroelectronics STM32F4 Series Device Support, Drivers and Examples

<h2>Collection of Component include folders:</h2>
  .\RTE\_Firmware
  C:\software\Keil_v5\ARM\PACK\Keil\STM32F4xx_DFP\2.13.0\Drivers\CMSIS\Device\ST\STM32F4xx\Include

<h2>Collection of Component Files used:</h2>
Build Time Elapsed:  00:00:30
</pre>
</body>
</html>
